// Jest Snapshot v1, https://goo.gl/fbAQLP

exports[`EmptyCart component matches snapshot 1`] = `
<DocumentFragment>
  <div
    class="container mt-5"
    data-testid="empty-cart"
  >
    <div
      class="row"
    >
      <div
        class="col-10 mx-auto text-center text-title"
      >
        <h1>
          Your cart is currently empty
        </h1>
      </div>
    </div>
  </div>
</DocumentFragment>
`;
